The target system is: Generic - 3.5.99 - arm
The host system is: Windows - 10.0.26100 - AMD64
Compiling the C compiler identification source file "CMakeCCompilerId.c" succeeded.
Compiler: C:/ncs/toolchains/cf2149caf2/opt/zephyr-sdk/arm-zephyr-eabi/bin/arm-zephyr-eabi-gcc.exe 
Build flags: 
Id flags: -c 

The output was:
0


Compilation of the C compiler identification source "CMakeCCompilerId.c" produced "CMakeCCompilerId.o"

The C compiler identification is GNU, found in "C:/ncs/v2.6.1/zephyr/samples/subsys/display/lvgl/build/hci_ipc/CMakeFiles/3.21.0/CompilerIdC/CMakeCCompilerId.o"

Compiling the CXX compiler identification source file "CMakeCXXCompilerId.cpp" succeeded.
Compiler: C:/ncs/toolchains/cf2149caf2/opt/zephyr-sdk/arm-zephyr-eabi/bin/arm-zephyr-eabi-gcc.exe 
Build flags: 
Id flags: -c 

The output was:
0


Compilation of the CXX compiler identification source "CMakeCXXCompilerId.cpp" produced "CMakeCXXCompilerId.o"

The CXX compiler identification is GNU, found in "C:/ncs/v2.6.1/zephyr/samples/subsys/display/lvgl/build/hci_ipc/CMakeFiles/3.21.0/CompilerIdCXX/CMakeCXXCompilerId.o"

Checking whether the ASM compiler is GNU using "--version" matched "(GNU assembler)|(GCC)|(Free Software Foundation)":
arm-zephyr-eabi-gcc.exe (Zephyr SDK 0.16.5) 12.2.0
Copyright (C) 2022 Free Software Foundation, Inc.
This is free software; see the source for copying conditions.  There is NO
warranty; not even for MERCHANTABILITY or FITNESS FOR A PARTICULAR PURPOSE.

Determining if files stdatomic.h exist passed with the following output:
Change Dir: C:/ncs/v2.6.1/zephyr/samples/subsys/display/lvgl/build/hci_ipc/CMakeFiles/CMakeTmp

Run Build Command(s):C:/ncs/toolchains/cf2149caf2/opt/bin/ninja.exe cmTC_9cfe3 && [1/2] Building C object CMakeFiles/cmTC_9cfe3.dir/HAVE_STDATOMIC_H.c.obj
[2/2] Linking C executable cmTC_9cfe3
arm-zephyr-eabi-gcc.exe: warning: CMakeFiles/cmTC_9cfe3.dir/HAVE_STDATOMIC_H.c.obj: linker input file unused because linking not done



Determining if files fcntl.h exist passed with the following output:
Change Dir: C:/ncs/v2.6.1/zephyr/samples/subsys/display/lvgl/build/hci_ipc/CMakeFiles/CMakeTmp

Run Build Command(s):C:/ncs/toolchains/cf2149caf2/opt/bin/ninja.exe cmTC_96b51 && [1/2] Building C object CMakeFiles/cmTC_96b51.dir/HAVE_FCNTL_H.c.obj
[2/2] Linking C executable cmTC_96b51
arm-zephyr-eabi-gcc.exe: warning: CMakeFiles/cmTC_96b51.dir/HAVE_FCNTL_H.c.obj: linker input file unused because linking not done



Performing C SOURCE FILE Test check_C__c__nostartfiles__nostdlib__isystem__c__ncs_toolchains_cf2149caf2_opt_zephyr_sdk_arm_zephyr_eabi_bin____lib_gcc_arm_zephyr_eabi_12_2_0_include___isystem__c__ncs_toolchains_cf2149caf2_opt_zephyr_sdk_arm_zephyr_eabi_bin____lib_gcc_arm_zephyr_eabi_12_2_0_include_fixed___Wl___unresolved_symbols_ignore_in_object_files__Wl___entry_0__mcpu_cortex_m33_nodsp__mthumb__mabi_aapcs__mfp16_format_ieee__mtp_soft succeeded with the following output:
Change Dir: C:/ncs/v2.6.1/zephyr/samples/subsys/display/lvgl/build/hci_ipc/CMakeFiles/CMakeTmp

Run Build Command(s):C:/ncs/toolchains/cf2149caf2/opt/bin/ninja.exe cmTC_28a3a && [1/2] Building C object CMakeFiles/cmTC_28a3a.dir/src.c.obj
[2/2] Linking C executable cmTC_28a3a
arm-zephyr-eabi-gcc.exe: warning: CMakeFiles/cmTC_28a3a.dir/src.c.obj: linker input file unused because linking not done


Source file was:
int main(void) { return 0; }
Performing C SOURCE FILE Test check_ftls_model_local_exec_C__c__nostartfiles__nostdlib__isystem__c__ncs_toolchains_cf2149caf2_opt_zephyr_sdk_arm_zephyr_eabi_bin____lib_gcc_arm_zephyr_eabi_12_2_0_include___isystem__c__ncs_toolchains_cf2149caf2_opt_zephyr_sdk_arm_zephyr_eabi_bin____lib_gcc_arm_zephyr_eabi_12_2_0_include_fixed___Wl___unresolved_symbols_ignore_in_object_files__Wl___entry_0 succeeded with the following output:
Change Dir: C:/ncs/v2.6.1/zephyr/samples/subsys/display/lvgl/build/hci_ipc/CMakeFiles/CMakeTmp

Run Build Command(s):C:/ncs/toolchains/cf2149caf2/opt/bin/ninja.exe cmTC_21453 && [1/2] Building C object CMakeFiles/cmTC_21453.dir/src.c.obj
[2/2] Linking C executable cmTC_21453
arm-zephyr-eabi-gcc.exe: warning: CMakeFiles/cmTC_21453.dir/src.c.obj: linker input file unused because linking not done


Source file was:
int main(void) { return 0; }
Performing C SOURCE FILE Test check_fmacro_prefix_map_C__ncs_v2_6_1_zephyr_samples_bluetooth_hci_ipc_CMAKE_SOURCE_DIR_C__c__nostartfiles__nostdlib__isystem__c__ncs_toolchains_cf2149caf2_opt_zephyr_sdk_arm_zephyr_eabi_bin____lib_gcc_arm_zephyr_eabi_12_2_0_include___isystem__c__ncs_toolchains_cf2149caf2_opt_zephyr_sdk_arm_zephyr_eabi_bin____lib_gcc_arm_zephyr_eabi_12_2_0_include_fixed___Wl___unresolved_symbols_ignore_in_object_files__Wl___entry_0 succeeded with the following output:
Change Dir: C:/ncs/v2.6.1/zephyr/samples/subsys/display/lvgl/build/hci_ipc/CMakeFiles/CMakeTmp

Run Build Command(s):C:/ncs/toolchains/cf2149caf2/opt/bin/ninja.exe cmTC_898de && [1/2] Building C object CMakeFiles/cmTC_898de.dir/src.c.obj
[2/2] Linking C executable cmTC_898de
arm-zephyr-eabi-gcc.exe: warning: CMakeFiles/cmTC_898de.dir/src.c.obj: linker input file unused because linking not done


Source file was:
int main(void) { return 0; }
